// Jest Snapshot v1, https://jestjs.io/docs/snapshot-testing

exports[`mimeTypesLite should match snapshot for the entire constants object 1`] = `
{
  "AAC": "audio/aac",
  "AMR": "audio/amr",
  "ATOM": "application/atom+xml",
  "AVI": "video/avi",
  "AVIF": "image/avif",
  "BMP": "image/bmp",
  "BZ2": "application/x-bzip2",
  "CSS": "text/css",
  "CSV": "text/csv",
  "CSV_SEMICOLON": "text/csv+semicolon",
  "DOC": "application/msword",
  "DOCX": "application/vnd.openxmlformats-officedocument.wordprocessingml.document",
  "EPUB": "application/epub+zip",
  "FLAC": "audio/flac",
  "FLV": "video/x-flv",
  "GIF": "image/gif",
  "GRAPHQL": "application/graphql",
  "GZ": "application/gzip",
  "HEIC": "image/heic",
  "HTML": "text/html",
  "ICO": "image/x-icon",
  "ICS": "text/calendar",
  "JP2": "image/jp2",
  "JPEG": "image/jpeg",
  "JPG": "image/jpeg",
  "JS": "application/javascript",
  "JSON": "application/json",
  "MD": "text/markdown",
  "MIDI": "audio/midi",
  "MKV": "video/x-matroska",
  "MOV": "video/quicktime",
  "MP3": "audio/mpeg",
  "MP4": "video/mp4",
  "MPEG": "video/mpeg",
  "ODS": "application/vnd.oasis.opendocument.spreadsheet",
  "ODT": "application/vnd.oasis.opendocument.text",
  "OGG": "audio/ogg",
  "OTF": "font/otf",
  "PDF": "application/pdf",
  "PNG": "image/png",
  "PPT": "application/vnd.ms-powerpoint",
  "PPTX": "application/vnd.openxmlformats-officedocument.presentationml.presentation",
  "PSD": "image/vnd.adobe.photoshop",
  "RAR": "application/vnd.rar",
  "RSS": "application/rss+xml",
  "RTF": "application/rtf",
  "SEVEN_ZIP": "application/x-7z-compressed",
  "SVG": "image/svg+xml",
  "TAR": "application/x-tar",
  "TEX": "application/x-tex",
  "TIFF": "image/tiff",
  "TTF": "font/ttf",
  "TXT": "text/plain",
  "URL_ENCODED": "application/x-www-form-urlencoded",
  "WASM": "application/wasm",
  "WAV": "audio/wav",
  "WEBM": "video/webm",
  "WEBP": "image/webp",
  "WMV": "video/x-ms-wmv",
  "WOFF": "font/woff",
  "WOFF2": "font/woff2",
  "XCF": "image/x-xcf",
  "XLS": "application/vnd.ms-excel",
  "XLSX": "application/vnd.openxmlformats-officedocument.spreadsheetml.sheet",
  "XML": "application/xml",
  "YAML": "application/x-yaml",
  "ZIP": "application/zip",
}
`;
