// Jest Snapshot v1, https://goo.gl/fbAQLP

exports[`mimeTypesConstants should match snapshot for the entire constants object 1`] = `
{
  "BMP": "image/bmp",
  "CSS": "text/css",
  "CSV": "text/csv",
  "GIF": "image/gif",
  "HTML": "text/html",
  "ICO": "image/x-icon",
  "JPG": "image/jpeg",
  "JS": "application/javascript",
  "JSON": "application/json",
  "MD": "text/markdown",
  "MP3": "audio/mpeg",
  "MP4": "video/mp4",
  "PDF": "application/pdf",
  "PNG": "image/png",
  "RAR": "application/vnd.rar",
  "SVG": "image/svg+xml",
  "TIFF": "image/tiff",
  "TXT": "text/plain",
  "WAV": "audio/wav",
  "XML": "application/xml",
  "ZIP": "application/zip",
}
`;
